
--- Testing Reservation (Customer 18) for 2026-03 ---
Success! Bill Amount: 2010.5, Period: 16/03/26 - 15/04/26
PDF Generated at: ./static/bills/bill_18_2026-03-16_2026-04-15.pdf

--- Testing Month End (Customer 21) for 2026-03 ---
Success! Bill Amount: 602.0, Period: 01/02/26 - 28/02/26
PDF Generated at: ./static/bills/bill_21_2026-02-01_2026-02-28.pdf
